[2026-09-20 16:54:58] [INFO] [ExchangeControlDesk] Attempting live market data fetch from https://api.coindcx.com/exchange/ticker
[2026-09-20 16:54:58] [INFO] [ExchangeControlDesk] Successfully fetched 995 market pairs from CoinDCX API
[2026-09-20 16:54:58] [INFO] [ExchangeControlDesk] Ingested 341 normalized market tick records
[2026-09-20 16:55:24] [INFO] [ExchangeControlDesk] Generating asset dimension (6 assets)
[2026-09-20 16:55:24] [INFO] [ExchangeControlDesk] Generating 10000 synthetic users
[2026-09-20 16:55:24] [INFO] [ExchangeControlDesk] Generating 100000 baseline transactions over 10000 users
[2026-09-20 16:55:55] [INFO] [ExchangeControlDesk] Injecting 1500 controlled ground-truth anomalies (Rate: 1.50%)
[2026-09-20 16:55:55] [INFO] [ExchangeControlDesk] Synthetic data generation complete. Transactions: 101487, Ground Truth: 1430
[2026-09-20 16:55:55] [INFO] [ExchangeControlDesk] Saved all synthetic datasets and ground-truth labels to data/synthetic
[2026-09-20 16:56:31] [INFO] [ExchangeControlDesk] Generating asset dimension (6 assets)
[2026-09-20 16:56:31] [INFO] [ExchangeControlDesk] Generating 10000 synthetic users
[2026-09-20 16:56:31] [INFO] [ExchangeControlDesk] Generating 100000 baseline transactions over 10000 users
[2026-09-20 16:57:00] [INFO] [ExchangeControlDesk] Injecting 1500 controlled ground-truth anomalies (Rate: 1.50%)
[2026-09-20 16:57:01] [INFO] [ExchangeControlDesk] Synthetic data generation complete. Transactions: 101487, Ground Truth: 1430
[2026-09-20 16:57:01] [INFO] [ExchangeControlDesk] Initiating comprehensive Data Quality evaluation on 101487 records
[2026-09-20 16:57:01] [INFO] [ExchangeControlDesk] Data Quality evaluation complete. Score: 100.00/100. Clean: 101487, Quarantined: 0
[2026-09-20 16:57:01] [INFO] [ExchangeControlDesk] Exported Data Quality reports to outputs/quality
[2026-09-20 16:59:47] [INFO] [ExchangeControlDesk] Initiating comprehensive Data Quality evaluation on 2 records
[2026-09-20 16:59:47] [INFO] [ExchangeControlDesk] Data Quality evaluation complete. Score: 85.00/100. Clean: 0, Quarantined: 2
[2026-09-20 16:59:47] [INFO] [ExchangeControlDesk] Initiating comprehensive Data Quality evaluation on 1 records
[2026-09-20 16:59:47] [INFO] [ExchangeControlDesk] Data Quality evaluation complete. Score: 80.00/100. Clean: 0, Quarantined: 1
[2026-09-20 16:59:47] [INFO] [ExchangeControlDesk] Initiating comprehensive Data Quality evaluation on 1 records
[2026-09-20 16:59:47] [INFO] [ExchangeControlDesk] Data Quality evaluation complete. Score: 80.00/100. Clean: 0, Quarantined: 1
[2026-09-20 16:59:47] [INFO] [ExchangeControlDesk] Initiating comprehensive Data Quality evaluation on 1 records
[2026-09-20 16:59:47] [INFO] [ExchangeControlDesk] Data Quality evaluation complete. Score: 65.00/100. Clean: 0, Quarantined: 1
[2026-09-20 16:59:47] [INFO] [ExchangeControlDesk] Generating asset dimension (6 assets)
[2026-09-20 16:59:47] [INFO] [ExchangeControlDesk] Generating 10000 synthetic users
[2026-09-20 16:59:47] [INFO] [ExchangeControlDesk] Generating 100000 baseline transactions over 10000 users
[2026-09-20 17:00:19] [INFO] [ExchangeControlDesk] Injecting 1500 controlled ground-truth anomalies (Rate: 1.50%)
[2026-09-20 17:00:20] [INFO] [ExchangeControlDesk] Synthetic data generation complete. Transactions: 101487, Ground Truth: 1430
[2026-09-20 17:00:20] [INFO] [ExchangeControlDesk] Starting feature engineering on 101487 transactions
[2026-09-20 17:00:20] [INFO] [ExchangeControlDesk] Computing rolling 60-minute transaction velocity
[2026-09-20 17:00:31] [INFO] [ExchangeControlDesk] Feature engineering completed successfully.
[2026-09-20 17:00:31] [INFO] [ExchangeControlDesk] Executing explainable anomaly detection on 101487 records
[2026-09-20 17:00:36] [INFO] [ExchangeControlDesk] Anomaly detection completed. Total anomalies identified: 11353 across 101487 records
[2026-09-20 17:00:36] [INFO] [ExchangeControlDesk] Executing explainable anomaly detection on 101487 records
[2026-09-20 17:00:40] [INFO] [ExchangeControlDesk] Anomaly detection completed. Total anomalies identified: 11353 across 101487 records
[2026-09-20 17:00:40] [INFO] [ExchangeControlDesk] Evaluating anomaly detection against synthetic ground truth
[2026-09-20 17:00:40] [INFO] [ExchangeControlDesk] Evaluation complete: Precision: 10.21%, Recall: 58.24%, F1: 0.1738
[2026-09-20 17:00:40] [INFO] [ExchangeControlDesk] Executing explainable anomaly detection on 101487 records
[2026-09-20 17:00:45] [INFO] [ExchangeControlDesk] Anomaly detection completed. Total anomalies identified: 11353 across 101487 records
[2026-09-20 17:00:45] [INFO] [ExchangeControlDesk] Prioritizing 11353 anomalies into operational incident queue
[2026-09-20 17:00:45] [INFO] [ExchangeControlDesk] Prioritization complete. Triage breakdown: P1=4573, P2=703, P3=6077, P4=0
[2026-09-20 17:00:45] [INFO] [ExchangeControlDesk] Generating asset dimension (6 assets)
[2026-09-20 17:00:45] [INFO] [ExchangeControlDesk] Generating 10000 synthetic users
[2026-09-20 17:00:46] [INFO] [ExchangeControlDesk] Generating 100000 baseline transactions over 10000 users
[2026-09-20 17:01:17] [INFO] [ExchangeControlDesk] Injecting 1500 controlled ground-truth anomalies (Rate: 1.50%)
[2026-09-20 17:01:17] [INFO] [ExchangeControlDesk] Synthetic data generation complete. Transactions: 101487, Ground Truth: 1430
[2026-09-20 17:01:17] [INFO] [ExchangeControlDesk] Initiating comprehensive Data Quality evaluation on 101487 records
[2026-09-20 17:01:17] [INFO] [ExchangeControlDesk] Data Quality evaluation complete. Score: 100.00/100. Clean: 101487, Quarantined: 0
[2026-09-20 17:02:38] [INFO] [ExchangeControlDesk] Initiating comprehensive Data Quality evaluation on 2 records
[2026-09-20 17:02:38] [INFO] [ExchangeControlDesk] Data Quality evaluation complete. Score: 85.00/100. Clean: 0, Quarantined: 2
[2026-09-20 17:02:38] [INFO] [ExchangeControlDesk] Initiating comprehensive Data Quality evaluation on 1 records
[2026-09-20 17:02:38] [INFO] [ExchangeControlDesk] Data Quality evaluation complete. Score: 80.00/100. Clean: 0, Quarantined: 1
[2026-09-20 17:02:38] [INFO] [ExchangeControlDesk] Initiating comprehensive Data Quality evaluation on 1 records
[2026-09-20 17:02:38] [INFO] [ExchangeControlDesk] Data Quality evaluation complete. Score: 80.00/100. Clean: 0, Quarantined: 1
[2026-09-20 17:02:38] [INFO] [ExchangeControlDesk] Initiating comprehensive Data Quality evaluation on 1 records
[2026-09-20 17:02:38] [INFO] [ExchangeControlDesk] Data Quality evaluation complete. Score: 65.00/100. Clean: 0, Quarantined: 1
[2026-09-20 17:02:38] [INFO] [ExchangeControlDesk] Generating asset dimension (6 assets)
[2026-09-20 17:02:38] [INFO] [ExchangeControlDesk] Generating 10000 synthetic users
[2026-09-20 17:02:38] [INFO] [ExchangeControlDesk] Generating 100000 baseline transactions over 10000 users
[2026-09-20 17:03:08] [INFO] [ExchangeControlDesk] Injecting 1500 controlled ground-truth anomalies (Rate: 1.50%)
[2026-09-20 17:03:08] [INFO] [ExchangeControlDesk] Synthetic data generation complete. Transactions: 101487, Ground Truth: 1430
[2026-09-20 17:03:08] [INFO] [ExchangeControlDesk] Starting feature engineering on 101487 transactions
[2026-09-20 17:03:08] [INFO] [ExchangeControlDesk] Computing rolling 60-minute transaction velocity per user
[2026-09-20 17:03:34] [INFO] [ExchangeControlDesk] Feature engineering completed successfully.
[2026-09-20 17:03:34] [INFO] [ExchangeControlDesk] Executing explainable anomaly detection on 101487 records
[2026-09-20 17:03:38] [INFO] [ExchangeControlDesk] Anomaly detection completed. Total anomalies identified: 7600 across 101487 records
[2026-09-20 17:03:38] [INFO] [ExchangeControlDesk] Executing explainable anomaly detection on 101487 records
[2026-09-20 17:03:42] [INFO] [ExchangeControlDesk] Anomaly detection completed. Total anomalies identified: 7600 across 101487 records
[2026-09-20 17:03:42] [INFO] [ExchangeControlDesk] Evaluating anomaly detection against synthetic ground truth
[2026-09-20 17:03:42] [INFO] [ExchangeControlDesk] Evaluation complete: Precision: 14.32%, Recall: 71.76%, F1: 0.2388
[2026-09-20 17:03:42] [INFO] [ExchangeControlDesk] Executing explainable anomaly detection on 101487 records
[2026-09-20 17:03:46] [INFO] [ExchangeControlDesk] Anomaly detection completed. Total anomalies identified: 7600 across 101487 records
[2026-09-20 17:03:46] [INFO] [ExchangeControlDesk] Prioritizing 7600 anomalies into operational incident queue
[2026-09-20 17:03:47] [INFO] [ExchangeControlDesk] Prioritization complete. Triage breakdown: P1=627, P2=896, P3=6077, P4=0
[2026-09-20 17:03:47] [INFO] [ExchangeControlDesk] Generating asset dimension (6 assets)
[2026-09-20 17:03:47] [INFO] [ExchangeControlDesk] Generating 10000 synthetic users
[2026-09-20 17:03:47] [INFO] [ExchangeControlDesk] Generating 100000 baseline transactions over 10000 users
[2026-09-20 17:04:17] [INFO] [ExchangeControlDesk] Injecting 1500 controlled ground-truth anomalies (Rate: 1.50%)
[2026-09-20 17:04:18] [INFO] [ExchangeControlDesk] Synthetic data generation complete. Transactions: 101487, Ground Truth: 1430
[2026-09-20 17:04:18] [INFO] [ExchangeControlDesk] Initiating comprehensive Data Quality evaluation on 101487 records
[2026-09-20 17:04:18] [INFO] [ExchangeControlDesk] Data Quality evaluation complete. Score: 100.00/100. Clean: 101487, Quarantined: 0
[2026-09-20 17:04:41] [INFO] [ExchangeControlDesk] Generating asset dimension (6 assets)
[2026-09-20 17:04:41] [INFO] [ExchangeControlDesk] Generating 1000 synthetic users
[2026-09-20 17:04:41] [INFO] [ExchangeControlDesk] Generating 10000 baseline transactions over 1000 users
[2026-09-20 17:04:42] [INFO] [ExchangeControlDesk] Injecting 150 controlled ground-truth anomalies (Rate: 1.50%)
[2026-09-20 17:04:42] [INFO] [ExchangeControlDesk] Synthetic data generation complete. Transactions: 10151, Ground Truth: 147
[2026-09-20 17:04:42] [INFO] [ExchangeControlDesk] Initiating comprehensive Data Quality evaluation on 10151 records
[2026-09-20 17:04:42] [INFO] [ExchangeControlDesk] Data Quality evaluation complete. Score: 100.00/100. Clean: 10151, Quarantined: 0
[2026-09-20 17:04:42] [INFO] [ExchangeControlDesk] Starting feature engineering on 10151 transactions
[2026-09-20 17:04:42] [INFO] [ExchangeControlDesk] Computing rolling 60-minute transaction velocity per user
[2026-09-20 17:04:44] [INFO] [ExchangeControlDesk] Feature engineering completed successfully.
[2026-09-20 17:04:44] [INFO] [ExchangeControlDesk] Executing explainable anomaly detection on 10151 records
[2026-09-20 17:04:45] [INFO] [ExchangeControlDesk] Anomaly detection completed. Total anomalies identified: 608 across 10151 records
[2026-09-20 17:04:45] [INFO] [ExchangeControlDesk] Prioritizing 608 anomalies into operational incident queue
[2026-09-20 17:04:45] [INFO] [ExchangeControlDesk] Prioritization complete. Triage breakdown: P1=48, P2=101, P3=459, P4=0
[2026-09-20 17:04:45] [INFO] [ExchangeControlDesk] Generating asset dimension (6 assets)
[2026-09-20 17:04:45] [INFO] [ExchangeControlDesk] Generating 10000 synthetic users
[2026-09-20 17:04:45] [INFO] [ExchangeControlDesk] Generating 100000 baseline transactions over 10000 users
[2026-09-20 17:05:15] [INFO] [ExchangeControlDesk] Injecting 1500 controlled ground-truth anomalies (Rate: 1.50%)
[2026-09-20 17:05:16] [INFO] [ExchangeControlDesk] Synthetic data generation complete. Transactions: 101487, Ground Truth: 1430
[2026-09-20 17:05:16] [INFO] [ExchangeControlDesk] Initiating comprehensive Data Quality evaluation on 101487 records
[2026-09-20 17:05:16] [INFO] [ExchangeControlDesk] Data Quality evaluation complete. Score: 100.00/100. Clean: 101487, Quarantined: 0
[2026-09-20 17:05:16] [INFO] [ExchangeControlDesk] Starting feature engineering on 101487 transactions
[2026-09-20 17:05:16] [INFO] [ExchangeControlDesk] Computing rolling 60-minute transaction velocity per user
[2026-09-20 17:05:42] [INFO] [ExchangeControlDesk] Feature engineering completed successfully.
[2026-09-20 17:05:42] [INFO] [ExchangeControlDesk] Executing explainable anomaly detection on 101487 records
[2026-09-20 17:05:46] [INFO] [ExchangeControlDesk] Anomaly detection completed. Total anomalies identified: 7600 across 101487 records
[2026-09-20 17:05:46] [INFO] [ExchangeControlDesk] Prioritizing 7600 anomalies into operational incident queue
[2026-09-20 17:05:46] [INFO] [ExchangeControlDesk] Prioritization complete. Triage breakdown: P1=627, P2=896, P3=6077, P4=0
[2026-09-20 17:05:56] [INFO] [ExchangeControlDesk] ==================================================================
[2026-09-20 17:05:56] [INFO] [ExchangeControlDesk] STARTING MASTER PIPELINE: EXCHANGE CONTROL DESK
[2026-09-20 17:05:56] [INFO] [ExchangeControlDesk] ==================================================================
[2026-09-20 17:05:56] [INFO] [ExchangeControlDesk] Attempting live market data fetch from https://api.coindcx.com/exchange/ticker
[2026-09-20 17:05:56] [INFO] [ExchangeControlDesk] Successfully fetched 995 market pairs from CoinDCX API
[2026-09-20 17:05:56] [INFO] [ExchangeControlDesk] Ingested 341 normalized market tick records
[2026-09-20 17:05:56] [INFO] [ExchangeControlDesk] Step 1 [Market Ingestion] completed in 0.31s
[2026-09-20 17:05:56] [INFO] [ExchangeControlDesk] Generating asset dimension (6 assets)
[2026-09-20 17:05:56] [INFO] [ExchangeControlDesk] Generating 10000 synthetic users
[2026-09-20 17:05:56] [INFO] [ExchangeControlDesk] Generating 100000 baseline transactions over 10000 users
[2026-09-20 17:06:35] [INFO] [ExchangeControlDesk] Injecting 1500 controlled ground-truth anomalies (Rate: 1.50%)
[2026-09-20 17:06:36] [INFO] [ExchangeControlDesk] Synthetic data generation complete. Transactions: 101487, Ground Truth: 1430
[2026-09-20 17:06:36] [INFO] [ExchangeControlDesk] Saved all synthetic datasets and ground-truth labels to data/synthetic
[2026-09-20 17:06:36] [INFO] [ExchangeControlDesk] Step 2 [Synthetic Generation] completed in 39.68s
[2026-09-20 17:06:36] [INFO] [ExchangeControlDesk] Initiating comprehensive Data Quality evaluation on 101487 records
[2026-09-20 17:06:36] [INFO] [ExchangeControlDesk] Data Quality evaluation complete. Score: 100.00/100. Clean: 101487, Quarantined: 0
[2026-09-20 17:06:36] [INFO] [ExchangeControlDesk] Exported Data Quality reports to outputs/quality
[2026-09-20 17:06:36] [INFO] [ExchangeControlDesk] Step 3 [Data Quality] completed in 0.13s (Score: 100.0/100)
[2026-09-20 17:06:36] [INFO] [ExchangeControlDesk] Starting feature engineering on 101487 transactions
[2026-09-20 17:06:36] [INFO] [ExchangeControlDesk] Computing rolling 60-minute transaction velocity per user
[2026-09-20 17:07:02] [INFO] [ExchangeControlDesk] Feature engineering completed successfully.
[2026-09-20 17:07:02] [INFO] [ExchangeControlDesk] Step 4 [Feature Engineering] completed in 25.60s
[2026-09-20 17:07:02] [INFO] [ExchangeControlDesk] Executing explainable anomaly detection on 101487 records
[2026-09-20 17:07:06] [INFO] [ExchangeControlDesk] Anomaly detection completed. Total anomalies identified: 7600 across 101487 records
[2026-09-20 17:07:06] [INFO] [ExchangeControlDesk] Evaluating anomaly detection against synthetic ground truth
[2026-09-20 17:07:06] [INFO] [ExchangeControlDesk] Evaluation complete: Precision: 14.32%, Recall: 71.76%, F1: 0.2388
[2026-09-20 17:07:06] [INFO] [ExchangeControlDesk] Step 5 [Anomaly Detection & Eval] completed in 4.26s (Precision: 14.3%, Recall: 71.8%)
[2026-09-20 17:07:06] [INFO] [ExchangeControlDesk] Prioritizing 7600 anomalies into operational incident queue
[2026-09-20 17:07:06] [INFO] [ExchangeControlDesk] Prioritization complete. Triage breakdown: P1=627, P2=896, P3=6077, P4=0
[2026-09-20 17:07:06] [INFO] [ExchangeControlDesk] Exported investigation queue to outputs/incidents
[2026-09-20 17:07:06] [INFO] [ExchangeControlDesk] Step 6 [Incident Prioritization] completed in 0.47s (7600 incidents)
[2026-09-20 17:07:06] [INFO] [ExchangeControlDesk] Initializing relational schema from sql/schema/create_tables.sql
[2026-09-20 17:07:06] [INFO] [ExchangeControlDesk] Connecting to embedded DuckDB at: data/processed/exchange_control_desk.duckdb
[2026-09-20 17:07:06] [INFO] [ExchangeControlDesk] Populating dim_dates from 2026-01-01 to 2026-12-31
[2026-09-20 17:07:06] [INFO] [ExchangeControlDesk] dim_dates populated with 365 rows
[2026-09-20 17:07:06] [INFO] [ExchangeControlDesk] Loading clean tables into database engine: duckdb
[2026-09-20 17:07:08] [INFO] [ExchangeControlDesk] Successfully loaded all clean tables into the database.
[2026-09-20 17:07:08] [INFO] [ExchangeControlDesk] Compiling analytical views from sql/views/analytical_views.sql
[2026-09-20 17:07:08] [INFO] [ExchangeControlDesk] Analytical views compiled successfully.
[2026-09-20 17:07:08] [INFO] [ExchangeControlDesk] Step 7 [Database Loading & Views] completed in 1.89s
[2026-09-20 17:07:08] [INFO] [ExchangeControlDesk] Computing platform vs market liquidity divergence
[2026-09-20 17:07:08] [INFO] [ExchangeControlDesk] Market divergence analysis completed.
[2026-09-20 17:07:08] [INFO] [ExchangeControlDesk] Computing analytical user behavioral segmentation
[2026-09-20 17:07:08] [INFO] [ExchangeControlDesk] User behavioral segmentation completed.
[2026-09-20 17:07:08] [INFO] [ExchangeControlDesk] Step 8 [Market Intelligence & Segmentation] completed in 0.14s
[2026-09-20 17:07:08] [INFO] [ExchangeControlDesk] Exporting clean star-schema datasets to powerbi/exports
[2026-09-20 17:07:08] [INFO] [ExchangeControlDesk] Exported dim_dates (365 rows)
[2026-09-20 17:07:08] [INFO] [ExchangeControlDesk] Exported dim_users (10000 rows)
[2026-09-20 17:07:08] [INFO] [ExchangeControlDesk] Exported dim_assets (6 rows)
[2026-09-20 17:07:11] [INFO] [ExchangeControlDesk] Exported fact_transactions (101487 rows)
[2026-09-20 17:07:11] [INFO] [ExchangeControlDesk] Exported fact_market_ticks (341 rows)
[2026-09-20 17:07:11] [INFO] [ExchangeControlDesk] Exported fact_anomalies (7600 rows)
[2026-09-20 17:07:11] [INFO] [ExchangeControlDesk] Exported fact_incidents (7600 rows)
[2026-09-20 17:07:11] [INFO] [ExchangeControlDesk] Generating analytical charts into outputs/figures
[2026-09-20 17:07:13] [INFO] [ExchangeControlDesk] Generating executive operational summary
[2026-09-20 17:07:13] [INFO] [ExchangeControlDesk] Executive summary published to outputs/executive/executive_summary.md
[2026-09-20 17:07:13] [INFO] [ExchangeControlDesk] Step 9 [Reporting & Visual Artifacts] completed in 4.38s
[2026-09-20 17:07:13] [INFO] [ExchangeControlDesk] Executing zero-tolerance cross-system reconciliation audit
[2026-09-20 17:07:13] [INFO] [ExchangeControlDesk] Reconciliation complete. All passed: True
[2026-09-20 17:07:13] [INFO] [ExchangeControlDesk] Step 10 [Reconciliation Audit] completed in 0.08s (Passed: True)
[2026-09-20 17:07:13] [INFO] [ExchangeControlDesk] Database connection closed.
[2026-09-20 17:07:13] [INFO] [ExchangeControlDesk] ==================================================================
[2026-09-20 17:07:13] [INFO] [ExchangeControlDesk] MASTER PIPELINE COMPLETED SUCCESSFULLY in 77.03 seconds
[2026-09-20 17:07:13] [INFO] [ExchangeControlDesk] ==================================================================
[2026-09-20 17:16:04] [INFO] [ExchangeControlDesk] Initiating comprehensive Data Quality evaluation on 2 records
[2026-09-20 17:16:04] [INFO] [ExchangeControlDesk] Data Quality evaluation complete. Score: 85.00/100. Clean: 0, Quarantined: 2
[2026-09-20 17:16:04] [INFO] [ExchangeControlDesk] Initiating comprehensive Data Quality evaluation on 1 records
[2026-09-20 17:16:04] [INFO] [ExchangeControlDesk] Data Quality evaluation complete. Score: 80.00/100. Clean: 0, Quarantined: 1
[2026-09-20 17:16:04] [INFO] [ExchangeControlDesk] Initiating comprehensive Data Quality evaluation on 1 records
[2026-09-20 17:16:04] [INFO] [ExchangeControlDesk] Data Quality evaluation complete. Score: 80.00/100. Clean: 0, Quarantined: 1
[2026-09-20 17:16:04] [INFO] [ExchangeControlDesk] Initiating comprehensive Data Quality evaluation on 1 records
[2026-09-20 17:16:04] [INFO] [ExchangeControlDesk] Data Quality evaluation complete. Score: 65.00/100. Clean: 0, Quarantined: 1
[2026-09-20 17:16:04] [INFO] [ExchangeControlDesk] ==================================================================
[2026-09-20 17:16:04] [INFO] [ExchangeControlDesk] STARTING MASTER PIPELINE: EXCHANGE CONTROL DESK
[2026-09-20 17:16:04] [INFO] [ExchangeControlDesk] ==================================================================
[2026-09-20 17:16:04] [INFO] [ExchangeControlDesk] Attempting live market data fetch from https://api.coindcx.com/exchange/ticker
[2026-09-20 17:16:04] [INFO] [ExchangeControlDesk] Successfully fetched 995 market pairs from CoinDCX API
[2026-09-20 17:16:04] [INFO] [ExchangeControlDesk] Ingested 341 normalized market tick records
[2026-09-20 17:16:04] [INFO] [ExchangeControlDesk] Step 1 [Market Ingestion] completed in 0.28s
[2026-09-20 17:16:04] [INFO] [ExchangeControlDesk] Generating asset dimension (6 assets)
[2026-09-20 17:16:04] [INFO] [ExchangeControlDesk] Generating 10000 synthetic users
[2026-09-20 17:16:04] [INFO] [ExchangeControlDesk] Generating 100000 baseline transactions over 10000 users
[2026-09-20 17:16:34] [INFO] [ExchangeControlDesk] Injecting 1500 controlled ground-truth anomalies (Rate: 1.50%)
[2026-09-20 17:16:34] [INFO] [ExchangeControlDesk] Synthetic data generation complete. Transactions: 101487, Ground Truth: 1430
[2026-09-20 17:16:35] [INFO] [ExchangeControlDesk] Saved all synthetic datasets and ground-truth labels to data/synthetic
[2026-09-20 17:16:35] [INFO] [ExchangeControlDesk] Step 2 [Synthetic Generation] completed in 30.45s
[2026-09-20 17:16:35] [INFO] [ExchangeControlDesk] Initiating comprehensive Data Quality evaluation on 101487 records
[2026-09-20 17:16:35] [INFO] [ExchangeControlDesk] Data Quality evaluation complete. Score: 100.00/100. Clean: 101487, Quarantined: 0
[2026-09-20 17:16:35] [INFO] [ExchangeControlDesk] Exported Data Quality reports to outputs/quality
[2026-09-20 17:16:35] [INFO] [ExchangeControlDesk] Step 3 [Data Quality] completed in 0.12s (Score: 100.0/100)
[2026-09-20 17:16:35] [INFO] [ExchangeControlDesk] Starting feature engineering on 101487 transactions
[2026-09-20 17:16:35] [INFO] [ExchangeControlDesk] Computing rolling 60-minute transaction velocity per user
[2026-09-20 17:17:02] [INFO] [ExchangeControlDesk] Feature engineering completed successfully.
[2026-09-20 17:17:02] [INFO] [ExchangeControlDesk] Step 4 [Feature Engineering] completed in 27.50s
[2026-09-20 17:17:02] [INFO] [ExchangeControlDesk] Executing explainable anomaly detection on 101487 records
[2026-09-20 17:17:07] [INFO] [ExchangeControlDesk] Anomaly detection completed. Total anomalies identified: 7600 across 101487 records
[2026-09-20 17:17:07] [INFO] [ExchangeControlDesk] Evaluating anomaly detection against synthetic ground truth
[2026-09-20 17:17:07] [INFO] [ExchangeControlDesk] Evaluation complete: Precision: 14.32%, Recall: 71.76%, F1: 0.2388
[2026-09-20 17:17:07] [INFO] [ExchangeControlDesk] Step 5 [Anomaly Detection & Eval] completed in 4.38s (Precision: 14.3%, Recall: 71.8%)
[2026-09-20 17:17:07] [INFO] [ExchangeControlDesk] Prioritizing 7600 anomalies into operational incident queue
[2026-09-20 17:17:07] [INFO] [ExchangeControlDesk] Prioritization complete. Triage breakdown: P1=627, P2=896, P3=6077, P4=0
[2026-09-20 17:17:07] [INFO] [ExchangeControlDesk] Exported investigation queue to outputs/incidents
[2026-09-20 17:17:07] [INFO] [ExchangeControlDesk] Step 6 [Incident Prioritization] completed in 0.48s (7600 incidents)
[2026-09-20 17:17:07] [INFO] [ExchangeControlDesk] Initializing relational schema from sql/schema/create_tables.sql
[2026-09-20 17:17:07] [INFO] [ExchangeControlDesk] Connecting to embedded DuckDB at: data/processed/exchange_control_desk.duckdb
[2026-09-20 17:17:07] [INFO] [ExchangeControlDesk] Populating dim_dates from 2026-01-01 to 2026-12-31
[2026-09-20 17:17:07] [INFO] [ExchangeControlDesk] dim_dates populated with 365 rows
[2026-09-20 17:17:07] [INFO] [ExchangeControlDesk] Loading clean tables into database engine: duckdb
[2026-09-20 17:17:10] [INFO] [ExchangeControlDesk] Successfully loaded all clean tables into the database.
[2026-09-20 17:17:10] [INFO] [ExchangeControlDesk] Compiling analytical views from sql/views/analytical_views.sql
[2026-09-20 17:17:10] [INFO] [ExchangeControlDesk] Analytical views compiled successfully.
[2026-09-20 17:17:10] [INFO] [ExchangeControlDesk] Step 7 [Database Loading & Views] completed in 2.85s
[2026-09-20 17:17:10] [INFO] [ExchangeControlDesk] Computing platform vs market liquidity divergence
[2026-09-20 17:17:10] [INFO] [ExchangeControlDesk] Market divergence analysis completed.
[2026-09-20 17:17:10] [INFO] [ExchangeControlDesk] Computing analytical user behavioral segmentation
[2026-09-20 17:17:10] [INFO] [ExchangeControlDesk] User behavioral segmentation completed.
[2026-09-20 17:17:10] [INFO] [ExchangeControlDesk] Step 8 [Market Intelligence & Segmentation] completed in 0.19s
[2026-09-20 17:17:10] [INFO] [ExchangeControlDesk] Exporting clean star-schema datasets to powerbi/exports
[2026-09-20 17:17:10] [INFO] [ExchangeControlDesk] Exported dim_dates (365 rows)
[2026-09-20 17:17:10] [INFO] [ExchangeControlDesk] Exported dim_users (10000 rows)
[2026-09-20 17:17:10] [INFO] [ExchangeControlDesk] Exported dim_assets (6 rows)
[2026-09-20 17:17:15] [INFO] [ExchangeControlDesk] Exported fact_transactions (202974 rows)
[2026-09-20 17:17:15] [INFO] [ExchangeControlDesk] Exported fact_market_ticks (682 rows)
[2026-09-20 17:17:15] [INFO] [ExchangeControlDesk] Exported fact_anomalies (15200 rows)
[2026-09-20 17:17:16] [INFO] [ExchangeControlDesk] Exported fact_incidents (15200 rows)
[2026-09-20 17:17:16] [INFO] [ExchangeControlDesk] Generating analytical charts into outputs/figures
[2026-09-20 17:17:17] [INFO] [ExchangeControlDesk] Generating executive operational summary
[2026-09-20 17:17:17] [INFO] [ExchangeControlDesk] Executive summary published to outputs/executive/executive_summary.md
[2026-09-20 17:17:17] [INFO] [ExchangeControlDesk] Step 9 [Reporting & Visual Artifacts] completed in 6.47s
[2026-09-20 17:17:17] [INFO] [ExchangeControlDesk] Executing zero-tolerance cross-system reconciliation audit
[2026-09-20 17:17:17] [INFO] [ExchangeControlDesk] Reconciliation complete. All passed: False
[2026-09-20 17:17:17] [INFO] [ExchangeControlDesk] Step 10 [Reconciliation Audit] completed in 0.09s (Passed: False)
[2026-09-20 17:17:17] [INFO] [ExchangeControlDesk] Database connection closed.
[2026-09-20 17:17:17] [INFO] [ExchangeControlDesk] ==================================================================
[2026-09-20 17:17:17] [INFO] [ExchangeControlDesk] MASTER PIPELINE COMPLETED SUCCESSFULLY in 72.95 seconds
[2026-09-20 17:17:17] [INFO] [ExchangeControlDesk] ==================================================================
[2026-09-20 17:17:17] [INFO] [ExchangeControlDesk] Generating asset dimension (6 assets)
[2026-09-20 17:17:17] [INFO] [ExchangeControlDesk] Generating 10000 synthetic users
[2026-09-20 17:17:17] [INFO] [ExchangeControlDesk] Generating 100000 baseline transactions over 10000 users
[2026-09-20 17:17:59] [INFO] [ExchangeControlDesk] Injecting 1500 controlled ground-truth anomalies (Rate: 1.50%)
[2026-09-20 17:17:59] [INFO] [ExchangeControlDesk] Synthetic data generation complete. Transactions: 101487, Ground Truth: 1430
[2026-09-20 17:17:59] [INFO] [ExchangeControlDesk] Starting feature engineering on 101487 transactions
[2026-09-20 17:17:59] [INFO] [ExchangeControlDesk] Computing rolling 60-minute transaction velocity per user
[2026-09-20 17:18:33] [INFO] [ExchangeControlDesk] Feature engineering completed successfully.
[2026-09-20 17:18:33] [INFO] [ExchangeControlDesk] Executing explainable anomaly detection on 101487 records
[2026-09-20 17:18:38] [INFO] [ExchangeControlDesk] Anomaly detection completed. Total anomalies identified: 7600 across 101487 records
[2026-09-20 17:18:38] [INFO] [ExchangeControlDesk] Executing explainable anomaly detection on 101487 records
[2026-09-20 17:18:43] [INFO] [ExchangeControlDesk] Anomaly detection completed. Total anomalies identified: 7600 across 101487 records
[2026-09-20 17:18:43] [INFO] [ExchangeControlDesk] Evaluating anomaly detection against synthetic ground truth
[2026-09-20 17:18:43] [INFO] [ExchangeControlDesk] Evaluation complete: Precision: 14.32%, Recall: 71.76%, F1: 0.2388
[2026-09-20 17:18:43] [INFO] [ExchangeControlDesk] Executing explainable anomaly detection on 101487 records
[2026-09-20 17:18:47] [INFO] [ExchangeControlDesk] Anomaly detection completed. Total anomalies identified: 7600 across 101487 records
[2026-09-20 17:18:47] [INFO] [ExchangeControlDesk] Prioritizing 7600 anomalies into operational incident queue
[2026-09-20 17:18:48] [INFO] [ExchangeControlDesk] Prioritization complete. Triage breakdown: P1=627, P2=896, P3=6077, P4=0
[2026-09-20 17:18:48] [INFO] [ExchangeControlDesk] Generating asset dimension (6 assets)
[2026-09-20 17:18:48] [INFO] [ExchangeControlDesk] Generating 10000 synthetic users
[2026-09-20 17:18:48] [INFO] [ExchangeControlDesk] Generating 100000 baseline transactions over 10000 users
[2026-09-20 17:19:22] [INFO] [ExchangeControlDesk] Injecting 1500 controlled ground-truth anomalies (Rate: 1.50%)
[2026-09-20 17:19:23] [INFO] [ExchangeControlDesk] Synthetic data generation complete. Transactions: 101487, Ground Truth: 1430
[2026-09-20 17:19:23] [INFO] [ExchangeControlDesk] Initiating comprehensive Data Quality evaluation on 101487 records
[2026-09-20 17:19:23] [INFO] [ExchangeControlDesk] Data Quality evaluation complete. Score: 100.00/100. Clean: 101487, Quarantined: 0
[2026-09-20 17:19:47] [INFO] [ExchangeControlDesk] ==================================================================
[2026-09-20 17:19:47] [INFO] [ExchangeControlDesk] STARTING MASTER PIPELINE: EXCHANGE CONTROL DESK
[2026-09-20 17:19:47] [INFO] [ExchangeControlDesk] ==================================================================
[2026-09-20 17:19:47] [INFO] [ExchangeControlDesk] Attempting live market data fetch from https://api.coindcx.com/exchange/ticker
[2026-09-20 17:19:47] [INFO] [ExchangeControlDesk] Successfully fetched 995 market pairs from CoinDCX API
[2026-09-20 17:19:47] [INFO] [ExchangeControlDesk] Ingested 341 normalized market tick records
[2026-09-20 17:19:47] [INFO] [ExchangeControlDesk] Step 1 [Market Ingestion] completed in 0.19s
[2026-09-20 17:19:47] [INFO] [ExchangeControlDesk] Generating asset dimension (6 assets)
[2026-09-20 17:19:47] [INFO] [ExchangeControlDesk] Generating 10000 synthetic users
[2026-09-20 17:19:47] [INFO] [ExchangeControlDesk] Generating 100000 baseline transactions over 10000 users
[2026-09-20 17:20:15] [INFO] [ExchangeControlDesk] Injecting 1500 controlled ground-truth anomalies (Rate: 1.50%)
[2026-09-20 17:20:16] [INFO] [ExchangeControlDesk] Synthetic data generation complete. Transactions: 101487, Ground Truth: 1430
[2026-09-20 17:20:16] [INFO] [ExchangeControlDesk] Saved all synthetic datasets and ground-truth labels to data/synthetic
[2026-09-20 17:20:16] [INFO] [ExchangeControlDesk] Step 2 [Synthetic Generation] completed in 28.57s
[2026-09-20 17:20:16] [INFO] [ExchangeControlDesk] Initiating comprehensive Data Quality evaluation on 101487 records
[2026-09-20 17:20:16] [INFO] [ExchangeControlDesk] Data Quality evaluation complete. Score: 100.00/100. Clean: 101487, Quarantined: 0
[2026-09-20 17:20:16] [INFO] [ExchangeControlDesk] Exported Data Quality reports to outputs/quality
[2026-09-20 17:20:16] [INFO] [ExchangeControlDesk] Step 3 [Data Quality] completed in 0.12s (Score: 100.0/100)
[2026-09-20 17:20:16] [INFO] [ExchangeControlDesk] Starting feature engineering on 101487 transactions
[2026-09-20 17:20:16] [INFO] [ExchangeControlDesk] Computing rolling 60-minute transaction velocity per user
[2026-09-20 17:20:44] [INFO] [ExchangeControlDesk] Feature engineering completed successfully.
[2026-09-20 17:20:44] [INFO] [ExchangeControlDesk] Step 4 [Feature Engineering] completed in 27.78s
[2026-09-20 17:20:44] [INFO] [ExchangeControlDesk] Executing explainable anomaly detection on 101487 records
[2026-09-20 17:20:48] [INFO] [ExchangeControlDesk] Anomaly detection completed. Total anomalies identified: 7600 across 101487 records
[2026-09-20 17:20:48] [INFO] [ExchangeControlDesk] Evaluating anomaly detection against synthetic ground truth
[2026-09-20 17:20:48] [INFO] [ExchangeControlDesk] Evaluation complete: Precision: 14.32%, Recall: 71.76%, F1: 0.2388
[2026-09-20 17:20:48] [INFO] [ExchangeControlDesk] Step 5 [Anomaly Detection & Eval] completed in 4.59s (Precision: 14.3%, Recall: 71.8%)
[2026-09-20 17:20:48] [INFO] [ExchangeControlDesk] Prioritizing 7600 anomalies into operational incident queue
[2026-09-20 17:20:49] [INFO] [ExchangeControlDesk] Prioritization complete. Triage breakdown: P1=627, P2=896, P3=6077, P4=0
[2026-09-20 17:20:49] [INFO] [ExchangeControlDesk] Exported investigation queue to outputs/incidents
[2026-09-20 17:20:49] [INFO] [ExchangeControlDesk] Step 6 [Incident Prioritization] completed in 0.45s (7600 incidents)
[2026-09-20 17:20:49] [INFO] [ExchangeControlDesk] Initializing relational schema from sql/schema/create_tables.sql
[2026-09-20 17:20:49] [INFO] [ExchangeControlDesk] Connecting to embedded DuckDB at: data/processed/exchange_control_desk.duckdb
[2026-09-20 17:20:49] [INFO] [ExchangeControlDesk] Populating dim_dates from 2026-01-01 to 2026-12-31
[2026-09-20 17:20:49] [INFO] [ExchangeControlDesk] dim_dates populated with 365 rows
[2026-09-20 17:20:49] [INFO] [ExchangeControlDesk] Loading clean tables into database engine: duckdb
[2026-09-20 17:20:58] [INFO] [ExchangeControlDesk] Successfully loaded all clean tables into the database.
[2026-09-20 17:20:58] [INFO] [ExchangeControlDesk] Compiling analytical views from sql/views/analytical_views.sql
[2026-09-20 17:20:58] [INFO] [ExchangeControlDesk] Analytical views compiled successfully.
[2026-09-20 17:20:58] [INFO] [ExchangeControlDesk] Step 7 [Database Loading & Views] completed in 9.55s
[2026-09-20 17:20:58] [INFO] [ExchangeControlDesk] Computing platform vs market liquidity divergence
[2026-09-20 17:20:58] [INFO] [ExchangeControlDesk] Market divergence analysis completed.
[2026-09-20 17:20:58] [INFO] [ExchangeControlDesk] Computing analytical user behavioral segmentation
[2026-09-20 17:20:58] [INFO] [ExchangeControlDesk] User behavioral segmentation completed.
[2026-09-20 17:20:58] [INFO] [ExchangeControlDesk] Step 8 [Market Intelligence & Segmentation] completed in 0.16s
[2026-09-20 17:20:58] [INFO] [ExchangeControlDesk] Exporting clean star-schema datasets to powerbi/exports
[2026-09-20 17:20:58] [INFO] [ExchangeControlDesk] Exported dim_dates (365 rows)
[2026-09-20 17:20:59] [INFO] [ExchangeControlDesk] Exported dim_users (10000 rows)
[2026-09-20 17:20:59] [INFO] [ExchangeControlDesk] Exported dim_assets (6 rows)
[2026-09-20 17:21:01] [INFO] [ExchangeControlDesk] Exported fact_transactions (101487 rows)
[2026-09-20 17:21:01] [INFO] [ExchangeControlDesk] Exported fact_market_ticks (341 rows)
[2026-09-20 17:21:01] [INFO] [ExchangeControlDesk] Exported fact_anomalies (7600 rows)
[2026-09-20 17:21:01] [INFO] [ExchangeControlDesk] Exported fact_incidents (7600 rows)
[2026-09-20 17:21:01] [INFO] [ExchangeControlDesk] Generating analytical charts into outputs/figures
[2026-09-20 17:21:02] [INFO] [ExchangeControlDesk] Generating executive operational summary
[2026-09-20 17:21:02] [INFO] [ExchangeControlDesk] Executive summary published to outputs/executive/executive_summary.md
[2026-09-20 17:21:02] [INFO] [ExchangeControlDesk] Step 9 [Reporting & Visual Artifacts] completed in 3.86s
[2026-09-20 17:21:02] [INFO] [ExchangeControlDesk] Executing zero-tolerance cross-system reconciliation audit
[2026-09-20 17:21:02] [INFO] [ExchangeControlDesk] Reconciliation complete. All passed: True
[2026-09-20 17:21:02] [INFO] [ExchangeControlDesk] Step 10 [Reconciliation Audit] completed in 0.07s (Passed: True)
[2026-09-20 17:21:02] [INFO] [ExchangeControlDesk] Database connection closed.
[2026-09-20 17:21:02] [INFO] [ExchangeControlDesk] ==================================================================
[2026-09-20 17:21:02] [INFO] [ExchangeControlDesk] MASTER PIPELINE COMPLETED SUCCESSFULLY in 75.46 seconds
[2026-09-20 17:21:02] [INFO] [ExchangeControlDesk] ==================================================================
[2026-09-20 17:21:08] [INFO] [ExchangeControlDesk] Initiating comprehensive Data Quality evaluation on 2 records
[2026-09-20 17:21:08] [INFO] [ExchangeControlDesk] Data Quality evaluation complete. Score: 85.00/100. Clean: 0, Quarantined: 2
[2026-09-20 17:21:08] [INFO] [ExchangeControlDesk] Initiating comprehensive Data Quality evaluation on 1 records
[2026-09-20 17:21:08] [INFO] [ExchangeControlDesk] Data Quality evaluation complete. Score: 80.00/100. Clean: 0, Quarantined: 1
[2026-09-20 17:21:08] [INFO] [ExchangeControlDesk] Initiating comprehensive Data Quality evaluation on 1 records
[2026-09-20 17:21:08] [INFO] [ExchangeControlDesk] Data Quality evaluation complete. Score: 80.00/100. Clean: 0, Quarantined: 1
[2026-09-20 17:21:08] [INFO] [ExchangeControlDesk] Initiating comprehensive Data Quality evaluation on 1 records
[2026-09-20 17:21:08] [INFO] [ExchangeControlDesk] Data Quality evaluation complete. Score: 65.00/100. Clean: 0, Quarantined: 1
[2026-09-20 17:21:08] [INFO] [ExchangeControlDesk] ==================================================================
[2026-09-20 17:21:08] [INFO] [ExchangeControlDesk] STARTING MASTER PIPELINE: EXCHANGE CONTROL DESK
[2026-09-20 17:21:08] [INFO] [ExchangeControlDesk] ==================================================================
[2026-09-20 17:21:08] [INFO] [ExchangeControlDesk] Attempting live market data fetch from https://api.coindcx.com/exchange/ticker
[2026-09-20 17:21:08] [INFO] [ExchangeControlDesk] Successfully fetched 995 market pairs from CoinDCX API
[2026-09-20 17:21:08] [INFO] [ExchangeControlDesk] Ingested 341 normalized market tick records
[2026-09-20 17:21:08] [INFO] [ExchangeControlDesk] Step 1 [Market Ingestion] completed in 0.25s
[2026-09-20 17:21:08] [INFO] [ExchangeControlDesk] Generating asset dimension (6 assets)
[2026-09-20 17:21:08] [INFO] [ExchangeControlDesk] Generating 10000 synthetic users
[2026-09-20 17:21:08] [INFO] [ExchangeControlDesk] Generating 100000 baseline transactions over 10000 users
[2026-09-20 17:21:49] [INFO] [ExchangeControlDesk] Injecting 1500 controlled ground-truth anomalies (Rate: 1.50%)
[2026-09-20 17:21:50] [INFO] [ExchangeControlDesk] Synthetic data generation complete. Transactions: 101487, Ground Truth: 1430
[2026-09-20 17:21:50] [INFO] [ExchangeControlDesk] Saved all synthetic datasets and ground-truth labels to data/synthetic
[2026-09-20 17:21:50] [INFO] [ExchangeControlDesk] Step 2 [Synthetic Generation] completed in 42.25s
[2026-09-20 17:21:50] [INFO] [ExchangeControlDesk] Initiating comprehensive Data Quality evaluation on 101487 records
[2026-09-20 17:21:50] [INFO] [ExchangeControlDesk] Data Quality evaluation complete. Score: 100.00/100. Clean: 101487, Quarantined: 0
[2026-09-20 17:21:50] [INFO] [ExchangeControlDesk] Exported Data Quality reports to outputs/quality
[2026-09-20 17:21:50] [INFO] [ExchangeControlDesk] Step 3 [Data Quality] completed in 0.14s (Score: 100.0/100)
[2026-09-20 17:21:50] [INFO] [ExchangeControlDesk] Starting feature engineering on 101487 transactions
[2026-09-20 17:21:51] [INFO] [ExchangeControlDesk] Computing rolling 60-minute transaction velocity per user
[2026-09-20 17:22:17] [INFO] [ExchangeControlDesk] Feature engineering completed successfully.
[2026-09-20 17:22:17] [INFO] [ExchangeControlDesk] Step 4 [Feature Engineering] completed in 26.99s
[2026-09-20 17:22:17] [INFO] [ExchangeControlDesk] Executing explainable anomaly detection on 101487 records
[2026-09-20 17:22:21] [INFO] [ExchangeControlDesk] Anomaly detection completed. Total anomalies identified: 7600 across 101487 records
[2026-09-20 17:22:21] [INFO] [ExchangeControlDesk] Evaluating anomaly detection against synthetic ground truth
[2026-09-20 17:22:21] [INFO] [ExchangeControlDesk] Evaluation complete: Precision: 14.32%, Recall: 71.76%, F1: 0.2388
[2026-09-20 17:22:21] [INFO] [ExchangeControlDesk] Step 5 [Anomaly Detection & Eval] completed in 3.90s (Precision: 14.3%, Recall: 71.8%)
[2026-09-20 17:22:21] [INFO] [ExchangeControlDesk] Prioritizing 7600 anomalies into operational incident queue
[2026-09-20 17:22:22] [INFO] [ExchangeControlDesk] Prioritization complete. Triage breakdown: P1=627, P2=896, P3=6077, P4=0
[2026-09-20 17:22:22] [INFO] [ExchangeControlDesk] Exported investigation queue to outputs/incidents
[2026-09-20 17:22:22] [INFO] [ExchangeControlDesk] Step 6 [Incident Prioritization] completed in 0.44s (7600 incidents)
[2026-09-20 17:22:22] [INFO] [ExchangeControlDesk] Initializing relational schema from sql/schema/create_tables.sql
[2026-09-20 17:22:22] [INFO] [ExchangeControlDesk] Connecting to embedded DuckDB at: data/processed/exchange_control_desk.duckdb
[2026-09-20 17:22:22] [INFO] [ExchangeControlDesk] Populating dim_dates from 2026-01-01 to 2026-12-31
[2026-09-20 17:22:22] [INFO] [ExchangeControlDesk] dim_dates populated with 365 rows
[2026-09-20 17:22:22] [INFO] [ExchangeControlDesk] Loading clean tables into database engine: duckdb
[2026-09-20 17:22:28] [INFO] [ExchangeControlDesk] Successfully loaded all clean tables into the database.
[2026-09-20 17:22:28] [INFO] [ExchangeControlDesk] Compiling analytical views from sql/views/analytical_views.sql
[2026-09-20 17:22:28] [INFO] [ExchangeControlDesk] Analytical views compiled successfully.
[2026-09-20 17:22:28] [INFO] [ExchangeControlDesk] Step 7 [Database Loading & Views] completed in 6.16s
[2026-09-20 17:22:28] [INFO] [ExchangeControlDesk] Computing platform vs market liquidity divergence
[2026-09-20 17:22:28] [INFO] [ExchangeControlDesk] Market divergence analysis completed.
[2026-09-20 17:22:28] [INFO] [ExchangeControlDesk] Computing analytical user behavioral segmentation
[2026-09-20 17:22:28] [INFO] [ExchangeControlDesk] User behavioral segmentation completed.
[2026-09-20 17:22:28] [INFO] [ExchangeControlDesk] Step 8 [Market Intelligence & Segmentation] completed in 0.13s
[2026-09-20 17:22:28] [INFO] [ExchangeControlDesk] Exporting clean star-schema datasets to powerbi/exports
[2026-09-20 17:22:28] [INFO] [ExchangeControlDesk] Exported dim_dates (365 rows)
[2026-09-20 17:22:28] [INFO] [ExchangeControlDesk] Exported dim_users (10000 rows)
[2026-09-20 17:22:28] [INFO] [ExchangeControlDesk] Exported dim_assets (6 rows)
[2026-09-20 17:22:30] [INFO] [ExchangeControlDesk] Exported fact_transactions (101487 rows)
[2026-09-20 17:22:30] [INFO] [ExchangeControlDesk] Exported fact_market_ticks (341 rows)
[2026-09-20 17:22:30] [INFO] [ExchangeControlDesk] Exported fact_anomalies (7600 rows)
[2026-09-20 17:22:30] [INFO] [ExchangeControlDesk] Exported fact_incidents (7600 rows)
[2026-09-20 17:22:30] [INFO] [ExchangeControlDesk] Generating analytical charts into outputs/figures
[2026-09-20 17:22:31] [INFO] [ExchangeControlDesk] Generating executive operational summary
[2026-09-20 17:22:31] [INFO] [ExchangeControlDesk] Executive summary published to outputs/executive/executive_summary.md
[2026-09-20 17:22:31] [INFO] [ExchangeControlDesk] Step 9 [Reporting & Visual Artifacts] completed in 2.81s
[2026-09-20 17:22:31] [INFO] [ExchangeControlDesk] Executing zero-tolerance cross-system reconciliation audit
[2026-09-20 17:22:31] [INFO] [ExchangeControlDesk] Reconciliation complete. All passed: True
[2026-09-20 17:22:31] [INFO] [ExchangeControlDesk] Step 10 [Reconciliation Audit] completed in 0.05s (Passed: True)
[2026-09-20 17:22:31] [INFO] [ExchangeControlDesk] Database connection closed.
[2026-09-20 17:22:31] [INFO] [ExchangeControlDesk] ==================================================================
[2026-09-20 17:22:31] [INFO] [ExchangeControlDesk] MASTER PIPELINE COMPLETED SUCCESSFULLY in 83.20 seconds
[2026-09-20 17:22:31] [INFO] [ExchangeControlDesk] ==================================================================
[2026-09-20 17:22:31] [INFO] [ExchangeControlDesk] Generating asset dimension (6 assets)
[2026-09-20 17:22:31] [INFO] [ExchangeControlDesk] Generating 10000 synthetic users
[2026-09-20 17:22:31] [INFO] [ExchangeControlDesk] Generating 100000 baseline transactions over 10000 users
[2026-09-20 17:23:04] [INFO] [ExchangeControlDesk] Injecting 1500 controlled ground-truth anomalies (Rate: 1.50%)
[2026-09-20 17:23:04] [INFO] [ExchangeControlDesk] Synthetic data generation complete. Transactions: 101487, Ground Truth: 1430
[2026-09-20 17:23:04] [INFO] [ExchangeControlDesk] Starting feature engineering on 101487 transactions
[2026-09-20 17:23:04] [INFO] [ExchangeControlDesk] Computing rolling 60-minute transaction velocity per user
[2026-09-20 17:23:31] [INFO] [ExchangeControlDesk] Feature engineering completed successfully.
[2026-09-20 17:23:31] [INFO] [ExchangeControlDesk] Executing explainable anomaly detection on 101487 records
[2026-09-20 17:23:35] [INFO] [ExchangeControlDesk] Anomaly detection completed. Total anomalies identified: 7600 across 101487 records
[2026-09-20 17:23:35] [INFO] [ExchangeControlDesk] Executing explainable anomaly detection on 101487 records
[2026-09-20 17:23:39] [INFO] [ExchangeControlDesk] Anomaly detection completed. Total anomalies identified: 7600 across 101487 records
[2026-09-20 17:23:39] [INFO] [ExchangeControlDesk] Evaluating anomaly detection against synthetic ground truth
[2026-09-20 17:23:39] [INFO] [ExchangeControlDesk] Evaluation complete: Precision: 14.32%, Recall: 71.76%, F1: 0.2388
[2026-09-20 17:23:39] [INFO] [ExchangeControlDesk] Executing explainable anomaly detection on 101487 records
[2026-09-20 17:23:43] [INFO] [ExchangeControlDesk] Anomaly detection completed. Total anomalies identified: 7600 across 101487 records
[2026-09-20 17:23:43] [INFO] [ExchangeControlDesk] Prioritizing 7600 anomalies into operational incident queue
[2026-09-20 17:23:43] [INFO] [ExchangeControlDesk] Prioritization complete. Triage breakdown: P1=627, P2=896, P3=6077, P4=0
[2026-09-20 17:23:43] [INFO] [ExchangeControlDesk] Generating asset dimension (6 assets)
[2026-09-20 17:23:43] [INFO] [ExchangeControlDesk] Generating 10000 synthetic users
[2026-09-20 17:23:43] [INFO] [ExchangeControlDesk] Generating 100000 baseline transactions over 10000 users
[2026-09-20 17:24:14] [INFO] [ExchangeControlDesk] Injecting 1500 controlled ground-truth anomalies (Rate: 1.50%)
[2026-09-20 17:24:15] [INFO] [ExchangeControlDesk] Synthetic data generation complete. Transactions: 101487, Ground Truth: 1430
[2026-09-20 17:24:15] [INFO] [ExchangeControlDesk] Initiating comprehensive Data Quality evaluation on 101487 records
[2026-09-20 17:24:15] [INFO] [ExchangeControlDesk] Data Quality evaluation complete. Score: 100.00/100. Clean: 101487, Quarantined: 0
[2026-09-20 17:25:01] [INFO] [ExchangeControlDesk] Initiating comprehensive Data Quality evaluation on 2 records
[2026-09-20 17:25:01] [INFO] [ExchangeControlDesk] Data Quality evaluation complete. Score: 85.00/100. Clean: 0, Quarantined: 2
[2026-09-20 17:25:01] [INFO] [ExchangeControlDesk] Initiating comprehensive Data Quality evaluation on 1 records
[2026-09-20 17:25:01] [INFO] [ExchangeControlDesk] Data Quality evaluation complete. Score: 80.00/100. Clean: 0, Quarantined: 1
[2026-09-20 17:25:01] [INFO] [ExchangeControlDesk] Initiating comprehensive Data Quality evaluation on 1 records
[2026-09-20 17:25:01] [INFO] [ExchangeControlDesk] Data Quality evaluation complete. Score: 80.00/100. Clean: 0, Quarantined: 1
[2026-09-20 17:25:01] [INFO] [ExchangeControlDesk] Initiating comprehensive Data Quality evaluation on 1 records
[2026-09-20 17:25:01] [INFO] [ExchangeControlDesk] Data Quality evaluation complete. Score: 65.00/100. Clean: 0, Quarantined: 1
[2026-09-20 17:25:01] [INFO] [ExchangeControlDesk] ==================================================================
[2026-09-20 17:25:01] [INFO] [ExchangeControlDesk] STARTING MASTER PIPELINE: EXCHANGE CONTROL DESK
[2026-09-20 17:25:01] [INFO] [ExchangeControlDesk] ==================================================================
[2026-09-20 17:25:01] [INFO] [ExchangeControlDesk] Attempting live market data fetch from https://api.coindcx.com/exchange/ticker
[2026-09-20 17:25:02] [INFO] [ExchangeControlDesk] Successfully fetched 995 market pairs from CoinDCX API
[2026-09-20 17:25:02] [INFO] [ExchangeControlDesk] Ingested 341 normalized market tick records
[2026-09-20 17:25:02] [INFO] [ExchangeControlDesk] Step 1 [Market Ingestion] completed in 0.30s
[2026-09-20 17:25:02] [INFO] [ExchangeControlDesk] Generating asset dimension (6 assets)
[2026-09-20 17:25:02] [INFO] [ExchangeControlDesk] Generating 10000 synthetic users
[2026-09-20 17:25:02] [INFO] [ExchangeControlDesk] Generating 100000 baseline transactions over 10000 users
[2026-09-20 17:25:30] [INFO] [ExchangeControlDesk] Injecting 1500 controlled ground-truth anomalies (Rate: 1.50%)
[2026-09-20 17:25:31] [INFO] [ExchangeControlDesk] Synthetic data generation complete. Transactions: 101487, Ground Truth: 1430
[2026-09-20 17:25:31] [INFO] [ExchangeControlDesk] Saved all synthetic datasets and ground-truth labels to data/synthetic
[2026-09-20 17:25:31] [INFO] [ExchangeControlDesk] Step 2 [Synthetic Generation] completed in 29.06s
[2026-09-20 17:25:31] [INFO] [ExchangeControlDesk] Initiating comprehensive Data Quality evaluation on 101487 records
[2026-09-20 17:25:31] [INFO] [ExchangeControlDesk] Data Quality evaluation complete. Score: 100.00/100. Clean: 101487, Quarantined: 0
[2026-09-20 17:25:31] [INFO] [ExchangeControlDesk] Exported Data Quality reports to outputs/quality
[2026-09-20 17:25:31] [INFO] [ExchangeControlDesk] Step 3 [Data Quality] completed in 0.11s (Score: 100.0/100)
[2026-09-20 17:25:31] [INFO] [ExchangeControlDesk] Starting feature engineering on 101487 transactions
[2026-09-20 17:25:31] [INFO] [ExchangeControlDesk] Computing rolling 60-minute transaction velocity per user
[2026-09-20 17:25:56] [INFO] [ExchangeControlDesk] Feature engineering completed successfully.
[2026-09-20 17:25:56] [INFO] [ExchangeControlDesk] Step 4 [Feature Engineering] completed in 24.78s
[2026-09-20 17:25:56] [INFO] [ExchangeControlDesk] Executing explainable anomaly detection on 101487 records
[2026-09-20 17:25:59] [INFO] [ExchangeControlDesk] Anomaly detection completed. Total anomalies identified: 7600 across 101487 records
[2026-09-20 17:25:59] [INFO] [ExchangeControlDesk] Evaluating anomaly detection against synthetic ground truth
[2026-09-20 17:26:00] [INFO] [ExchangeControlDesk] Evaluation complete: Precision: 14.32%, Recall: 71.76%, F1: 0.2388
[2026-09-20 17:26:00] [INFO] [ExchangeControlDesk] Step 5 [Anomaly Detection & Eval] completed in 3.92s (Precision: 14.3%, Recall: 71.8%)
[2026-09-20 17:26:00] [INFO] [ExchangeControlDesk] Prioritizing 7600 anomalies into operational incident queue
[2026-09-20 17:26:00] [INFO] [ExchangeControlDesk] Prioritization complete. Triage breakdown: P1=627, P2=896, P3=6077, P4=0
[2026-09-20 17:26:00] [INFO] [ExchangeControlDesk] Exported investigation queue to outputs/incidents
[2026-09-20 17:26:00] [INFO] [ExchangeControlDesk] Step 6 [Incident Prioritization] completed in 0.43s (7600 incidents)
[2026-09-20 17:26:00] [INFO] [ExchangeControlDesk] Initializing relational schema from sql/schema/create_tables.sql
[2026-09-20 17:26:00] [INFO] [ExchangeControlDesk] Connecting to embedded DuckDB at: data/processed/exchange_control_desk.duckdb
[2026-09-20 17:26:00] [INFO] [ExchangeControlDesk] Populating dim_dates from 2026-01-01 to 2026-12-31
[2026-09-20 17:26:00] [INFO] [ExchangeControlDesk] dim_dates populated with 365 rows
[2026-09-20 17:26:00] [INFO] [ExchangeControlDesk] Loading clean tables into database engine: duckdb
[2026-09-20 17:26:06] [INFO] [ExchangeControlDesk] Successfully loaded all clean tables into the database.
[2026-09-20 17:26:06] [INFO] [ExchangeControlDesk] Compiling analytical views from sql/views/analytical_views.sql
[2026-09-20 17:26:06] [INFO] [ExchangeControlDesk] Analytical views compiled successfully.
[2026-09-20 17:26:06] [INFO] [ExchangeControlDesk] Step 7 [Database Loading & Views] completed in 5.83s
[2026-09-20 17:26:06] [INFO] [ExchangeControlDesk] Computing platform vs market liquidity divergence
[2026-09-20 17:26:06] [INFO] [ExchangeControlDesk] Market divergence analysis completed.
[2026-09-20 17:26:06] [INFO] [ExchangeControlDesk] Computing analytical user behavioral segmentation
[2026-09-20 17:26:06] [INFO] [ExchangeControlDesk] User behavioral segmentation completed.
[2026-09-20 17:26:06] [INFO] [ExchangeControlDesk] Step 8 [Market Intelligence & Segmentation] completed in 0.12s
[2026-09-20 17:26:06] [INFO] [ExchangeControlDesk] Exporting clean star-schema datasets to powerbi/exports
[2026-09-20 17:26:06] [INFO] [ExchangeControlDesk] Exported dim_dates (365 rows)
[2026-09-20 17:26:06] [INFO] [ExchangeControlDesk] Exported dim_users (10000 rows)
[2026-09-20 17:26:06] [INFO] [ExchangeControlDesk] Exported dim_assets (6 rows)
[2026-09-20 17:26:08] [INFO] [ExchangeControlDesk] Exported fact_transactions (101487 rows)
[2026-09-20 17:26:08] [INFO] [ExchangeControlDesk] Exported fact_market_ticks (341 rows)
[2026-09-20 17:26:08] [INFO] [ExchangeControlDesk] Exported fact_anomalies (7600 rows)
[2026-09-20 17:26:08] [INFO] [ExchangeControlDesk] Exported fact_incidents (7600 rows)
[2026-09-20 17:26:08] [INFO] [ExchangeControlDesk] Generating analytical charts into outputs/figures
[2026-09-20 17:26:09] [INFO] [ExchangeControlDesk] Generating executive operational summary
[2026-09-20 17:26:09] [INFO] [ExchangeControlDesk] Executive summary published to outputs/executive/executive_summary.md
[2026-09-20 17:26:09] [INFO] [ExchangeControlDesk] Step 9 [Reporting & Visual Artifacts] completed in 2.67s
[2026-09-20 17:26:09] [INFO] [ExchangeControlDesk] Executing zero-tolerance cross-system reconciliation audit
[2026-09-20 17:26:09] [INFO] [ExchangeControlDesk] Reconciliation complete. All passed: True
[2026-09-20 17:26:09] [INFO] [ExchangeControlDesk] Step 10 [Reconciliation Audit] completed in 0.05s (Passed: True)
[2026-09-20 17:26:09] [INFO] [ExchangeControlDesk] Database connection closed.
[2026-09-20 17:26:09] [INFO] [ExchangeControlDesk] ==================================================================
[2026-09-20 17:26:09] [INFO] [ExchangeControlDesk] MASTER PIPELINE COMPLETED SUCCESSFULLY in 67.36 seconds
[2026-09-20 17:26:09] [INFO] [ExchangeControlDesk] ==================================================================
[2026-09-20 17:26:09] [INFO] [ExchangeControlDesk] Generating asset dimension (6 assets)
[2026-09-20 17:26:09] [INFO] [ExchangeControlDesk] Generating 200 synthetic users
[2026-09-20 17:26:09] [INFO] [ExchangeControlDesk] Generating 1000 baseline transactions over 200 users
[2026-09-20 17:26:09] [INFO] [ExchangeControlDesk] Injecting 15 controlled ground-truth anomalies (Rate: 1.50%)
[2026-09-20 17:26:09] [INFO] [ExchangeControlDesk] Synthetic data generation complete. Transactions: 1017, Ground Truth: 16
[2026-09-20 17:26:09] [INFO] [ExchangeControlDesk] Initiating comprehensive Data Quality evaluation on 1017 records
[2026-09-20 17:26:09] [INFO] [ExchangeControlDesk] Data Quality evaluation complete. Score: 100.00/100. Clean: 1017, Quarantined: 0
[2026-09-20 17:26:09] [INFO] [ExchangeControlDesk] Initializing relational schema from sql/schema/create_tables.sql
[2026-09-20 17:26:09] [INFO] [ExchangeControlDesk] Connecting to embedded DuckDB at: data/processed/exchange_control_desk.duckdb
[2026-09-20 17:26:09] [INFO] [ExchangeControlDesk] Populating dim_dates from 2026-08-01 to 2026-09-20
[2026-09-20 17:26:09] [INFO] [ExchangeControlDesk] dim_dates populated with 51 rows
[2026-09-20 17:26:09] [INFO] [ExchangeControlDesk] Loading clean tables into database engine: duckdb
[2026-09-20 17:26:15] [INFO] [ExchangeControlDesk] Successfully loaded all clean tables into the database.
[2026-09-20 17:26:15] [INFO] [ExchangeControlDesk] Compiling analytical views from sql/views/analytical_views.sql
[2026-09-20 17:26:15] [INFO] [ExchangeControlDesk] Analytical views compiled successfully.
[2026-09-20 17:26:15] [INFO] [ExchangeControlDesk] Database connection closed.
[2026-09-20 17:26:15] [INFO] [ExchangeControlDesk] Generating asset dimension (6 assets)
[2026-09-20 17:26:15] [INFO] [ExchangeControlDesk] Generating 10000 synthetic users
[2026-09-20 17:26:15] [INFO] [ExchangeControlDesk] Generating 100000 baseline transactions over 10000 users
[2026-09-20 17:26:47] [INFO] [ExchangeControlDesk] Injecting 1500 controlled ground-truth anomalies (Rate: 1.50%)
[2026-09-20 17:26:48] [INFO] [ExchangeControlDesk] Synthetic data generation complete. Transactions: 101487, Ground Truth: 1430
[2026-09-20 17:26:48] [INFO] [ExchangeControlDesk] Starting feature engineering on 101487 transactions
[2026-09-20 17:26:48] [INFO] [ExchangeControlDesk] Computing rolling 60-minute transaction velocity per user
[2026-09-20 17:27:13] [INFO] [ExchangeControlDesk] Feature engineering completed successfully.
[2026-09-20 17:27:13] [INFO] [ExchangeControlDesk] Executing explainable anomaly detection on 101487 records
[2026-09-20 17:27:17] [INFO] [ExchangeControlDesk] Anomaly detection completed. Total anomalies identified: 7600 across 101487 records
[2026-09-20 17:27:17] [INFO] [ExchangeControlDesk] Executing explainable anomaly detection on 101487 records
[2026-09-20 17:27:21] [INFO] [ExchangeControlDesk] Anomaly detection completed. Total anomalies identified: 7600 across 101487 records
[2026-09-20 17:27:21] [INFO] [ExchangeControlDesk] Evaluating anomaly detection against synthetic ground truth
[2026-09-20 17:27:21] [INFO] [ExchangeControlDesk] Evaluation complete: Precision: 14.32%, Recall: 71.76%, F1: 0.2388
[2026-09-20 17:27:21] [INFO] [ExchangeControlDesk] Executing explainable anomaly detection on 101487 records
[2026-09-20 17:27:25] [INFO] [ExchangeControlDesk] Anomaly detection completed. Total anomalies identified: 7600 across 101487 records
[2026-09-20 17:27:25] [INFO] [ExchangeControlDesk] Prioritizing 7600 anomalies into operational incident queue
[2026-09-20 17:27:25] [INFO] [ExchangeControlDesk] Prioritization complete. Triage breakdown: P1=627, P2=896, P3=6077, P4=0
[2026-09-20 17:27:25] [INFO] [ExchangeControlDesk] Generating asset dimension (6 assets)
[2026-09-20 17:27:25] [INFO] [ExchangeControlDesk] Generating 10000 synthetic users
[2026-09-20 17:27:25] [INFO] [ExchangeControlDesk] Generating 100000 baseline transactions over 10000 users
[2026-09-20 17:27:57] [INFO] [ExchangeControlDesk] Injecting 1500 controlled ground-truth anomalies (Rate: 1.50%)
[2026-09-20 17:27:57] [INFO] [ExchangeControlDesk] Synthetic data generation complete. Transactions: 101487, Ground Truth: 1430
[2026-09-20 17:27:57] [INFO] [ExchangeControlDesk] Initiating comprehensive Data Quality evaluation on 101487 records
[2026-09-20 17:27:58] [INFO] [ExchangeControlDesk] Data Quality evaluation complete. Score: 100.00/100. Clean: 101487, Quarantined: 0
